= Start
@ /lib64/ld-linux-x86-64.so.2:(_dl_allocate_tls+0x33)[0x3763c11953] + 0x15835d0 0x110
@ /lib64/ld-linux-x86-64.so.2:[0x3763c17692] + 0x7f13c00008c0 0x15
@ /lib64/ld-linux-x86-64.so.2:[0x3763c0addf] + 0x7f13c00008e0 0x496
@ /lib64/ld-linux-x86-64.so.2:[0x3763c0b094] + 0x7f13c0000d80 0x15
@ /lib64/ld-linux-x86-64.so.2:[0x3763c0cc5d] + 0x7f13c0000da0 0x38
@ /lib64/ld-linux-x86-64.so.2:[0x3763c0fe34] + 0x7f13c0000de0 0x138
= End
